// Jest Snapshot v1, https://goo.gl/fbAQLP

exports[`test passes 1`] = `ReactWrapper {}`;
